=== index state ===
               indexname                |                                                                           indexdef                                                                            
----------------------------------------+---------------------------------------------------------------------------------------------------------------------------------------------------------------
 pk_exercises                           | CREATE UNIQUE INDEX pk_exercises ON public.exercises USING btree (id)
 uq_exercises_normalized_name           | CREATE UNIQUE INDEX uq_exercises_normalized_name ON public.exercises USING btree (normalized_name)
 idx_workout_entries_user_cursor        | CREATE INDEX idx_workout_entries_user_cursor ON public.workout_entries USING btree (user_id, workout_date DESC, created_at DESC, id DESC)
 idx_workout_entries_user_exercise_date | CREATE INDEX idx_workout_entries_user_exercise_date ON public.workout_entries USING btree (user_id, exercise_id, workout_date DESC, created_at DESC, id DESC)
 pk_workout_entries                     | CREATE UNIQUE INDEX pk_workout_entries ON public.workout_entries USING btree (id)
 pk_workout_sets                        | CREATE UNIQUE INDEX pk_workout_sets ON public.workout_sets USING btree (id)
 uq_workout_sets_entry_order            | CREATE UNIQUE INDEX uq_workout_sets_entry_order ON public.workout_sets USING btree (workout_entry_id, set_order)
(7 rows)

=== history: unfiltered first page ===
                                                                               QUERY PLAN                                                                                
-------------------------------------------------------------------------------------------------------------------------------------------------------------------------
 Limit  (cost=0.56..6.52 rows=51 width=75) (actual time=0.053..0.156 rows=51 loops=1)
   Buffers: shared hit=56
   ->  Nested Loop  (cost=0.56..5847.18 rows=50000 width=75) (actual time=0.053..0.152 rows=51 loops=1)
         Buffers: shared hit=56
         ->  Index Scan using idx_workout_entries_user_cursor on workout_entries we  (cost=0.41..4668.91 rows=50000 width=58) (actual time=0.045..0.129 rows=51 loops=1)
               Index Cond: ((user_id)::text = 'perf-50k-user'::text)
               Buffers: shared hit=54
         ->  Memoize  (cost=0.14..0.16 rows=1 width=33) (actual time=0.000..0.000 rows=1 loops=51)
               Cache Key: we.exercise_id
               Cache Mode: logical
               Hits: 50  Misses: 1  Evictions: 0  Overflows: 0  Memory Usage: 1kB
               Buffers: shared hit=2
               ->  Index Scan using pk_exercises on exercises e  (cost=0.13..0.15 rows=1 width=33) (actual time=0.004..0.004 rows=1 loops=1)
                     Index Cond: (id = we.exercise_id)
                     Buffers: shared hit=2
 Planning:
   Buffers: shared hit=159
 Planning Time: 0.380 ms
 Execution Time: 0.179 ms
(19 rows)

=== history: partial-name + date + muscle filter ===
                                                                               QUERY PLAN                                                                                
-------------------------------------------------------------------------------------------------------------------------------------------------------------------------
 Limit  (cost=0.41..51.50 rows=51 width=75) (actual time=0.037..0.060 rows=51 loops=1)
   Buffers: shared hit=55
   ->  Nested Loop  (cost=0.41..3946.86 rows=3940 width=75) (actual time=0.037..0.057 rows=51 loops=1)
         Join Filter: (we.exercise_id = e.id)
         Buffers: shared hit=55
         ->  Index Scan using idx_workout_entries_user_cursor on workout_entries we  (cost=0.41..3472.94 rows=31518 width=58) (actual time=0.010..0.022 rows=51 loops=1)
               Index Cond: (((user_id)::text = 'perf-50k-user'::text) AND (workout_date >= '2026-07-01'::date) AND (workout_date <= '2026-09-25'::date))
               Buffers: shared hit=54
         ->  Materialize  (cost=0.00..1.15 rows=1 width=33) (actual time=0.001..0.001 rows=1 loops=51)
               Buffers: shared hit=1
               ->  Seq Scan on exercises e  (cost=0.00..1.14 rows=1 width=33) (actual time=0.024..0.024 rows=1 loops=1)
                     Filter: (((normalized_name)::text ~~ '%press%'::text) AND (lower((muscle_group)::text) = 'chest'::text))
                     Buffers: shared hit=1
 Planning:
   Buffers: shared hit=24 read=3
 Planning Time: 0.228 ms
 Execution Time: 0.075 ms
(17 rows)

=== history: deep keyset page (after row 25,001) ===
                                                                                                                                                                           QUERY PLAN                                                                                                                                                                            
-----------------------------------------------------------------------------------------------------------------------------------------------------------------------------------------------------------------------------------------------------------------------------------------------------------------------------------------------------------------
 Limit  (cost=0.56..12.88 rows=51 width=75) (actual time=7.297..7.328 rows=51 loops=1)
   Buffers: shared hit=25386
   ->  Nested Loop  (cost=0.56..6005.18 rows=24853 width=75) (actual time=7.296..7.324 rows=51 loops=1)
         Buffers: shared hit=25386
         ->  Index Scan using idx_workout_entries_user_cursor on workout_entries we  (cost=0.41..5418.91 rows=24853 width=58) (actual time=7.265..7.280 rows=51 loops=1)
               Index Cond: ((user_id)::text = 'perf-50k-user'::text)
               Filter: ((workout_date < '2026-07-18'::date) OR ((workout_date = '2026-07-18'::date) AND (created_at < '2026-07-18 12:04:09.043449+00'::timestamp with time zone)) OR ((workout_date = '2026-07-18'::date) AND (created_at = '2026-07-18 12:04:09.043449+00'::timestamp with time zone) AND (id < '35d64c1e-04ac-f853-d50d-0037d60c8cd9'::uuid)))
               Rows Removed by Filter: 25001
               Buffers: shared hit=25384
         ->  Memoize  (cost=0.14..0.16 rows=1 width=33) (actual time=0.001..0.001 rows=1 loops=51)
               Cache Key: we.exercise_id
               Cache Mode: logical
               Hits: 50  Misses: 1  Evictions: 0  Overflows: 0  Memory Usage: 1kB
               Buffers: shared hit=2
               ->  Index Scan using pk_exercises on exercises e  (cost=0.13..0.15 rows=1 width=33) (actual time=0.021..0.021 rows=1 loops=1)
                     Index Cond: (id = we.exercise_id)
                     Buffers: shared hit=2
 Planning:
   Buffers: shared hit=7
 Planning Time: 0.176 ms
 Execution Time: 7.359 ms
(21 rows)

=== PR: heaviest ===
                                                                                                   QUERY PLAN                                                                                                   
----------------------------------------------------------------------------------------------------------------------------------------------------------------------------------------------------------------
 Limit  (cost=5804.70..5804.82 rows=1 width=55) (actual time=28.745..30.634 rows=1 loops=1)
   Buffers: shared hit=3524
   ->  Gather Merge  (cost=5804.70..7190.91 rows=12054 width=55) (actual time=28.744..30.632 rows=1 loops=1)
         Workers Planned: 1
         Workers Launched: 1
         Buffers: shared hit=3524
         ->  Sort  (cost=4804.69..4834.83 rows=12054 width=55) (actual time=26.412..26.414 rows=1 loops=2)
               Sort Key: ws.weight_kg DESC, we.workout_date, we.created_at, we.id, ws.set_order
               Sort Method: top-N heapsort  Memory: 25kB
               Buffers: shared hit=3524
               Worker 0:  Sort Method: top-N heapsort  Memory: 25kB
               ->  Hash Join  (cost=1378.86..4744.42 rows=12054 width=55) (actual time=6.867..23.029 rows=24622 loops=2)
                     Hash Cond: (ws.workout_entry_id = we.id)
                     Buffers: shared hit=3487
                     ->  Parallel Seq Scan on workout_sets ws  (cost=0.00..2859.37 rows=102837 width=43) (actual time=0.004..6.222 rows=87412 loops=2)
                           Buffers: shared hit=1831
                     ->  Hash  (cost=1305.60..1305.60 rows=5861 width=28) (actual time=6.812..6.813 rows=14058 loops=2)
                           Buckets: 16384 (originally 8192)  Batches: 1 (originally 1)  Memory Usage: 1007kB
                           Buffers: shared hit=1609
                           ->  Nested Loop  (cost=534.56..1305.60 rows=5861 width=28) (actual time=2.059..5.060 rows=14058 loops=2)
                                 Buffers: shared hit=1609
                                 ->  Seq Scan on exercises e  (cost=0.00..1.10 rows=1 width=16) (actual time=0.007..0.009 rows=1 loops=2)
                                       Filter: ((normalized_name)::text = 'bench press'::text)
                                       Rows Removed by Filter: 7
                                       Buffers: shared hit=2
                                 ->  Bitmap Heap Scan on workout_entries we  (cost=534.56..1237.52 rows=6698 width=44) (actual time=2.049..3.883 rows=14058 loops=2)
                                       Recheck Cond: (((user_id)::text = 'perf-50k-user'::text) AND (exercise_id = e.id) AND (workout_date >= '2024-01-01'::date) AND (workout_date <= '2026-09-25'::date))
                                       Heap Blocks: exact=569
                                       Buffers: shared hit=1607
                                       ->  Bitmap Index Scan on idx_workout_entries_user_exercise_date  (cost=0.00..532.88 rows=6698 width=0) (actual time=1.979..1.979 rows=14058 loops=2)
                                             Index Cond: (((user_id)::text = 'perf-50k-user'::text) AND (exercise_id = e.id) AND (workout_date >= '2024-01-01'::date) AND (workout_date <= '2026-09-25'::date))
                                             Buffers: shared hit=469
 Planning:
   Buffers: shared hit=80
 Planning Time: 0.473 ms
 Execution Time: 30.783 ms
(36 rows)

=== PR: highest volume ===
                                                                                                   QUERY PLAN                                                                                                   
----------------------------------------------------------------------------------------------------------------------------------------------------------------------------------------------------------------
 Limit  (cost=5864.97..5865.09 rows=1 width=87) (actual time=29.579..31.381 rows=1 loops=1)
   Buffers: shared hit=3524
   ->  Gather Merge  (cost=5864.97..7251.18 rows=12054 width=87) (actual time=29.578..31.379 rows=1 loops=1)
         Workers Planned: 1
         Workers Launched: 1
         Buffers: shared hit=3524
         ->  Sort  (cost=4864.96..4895.10 rows=12054 width=87) (actual time=26.919..26.922 rows=1 loops=2)
               Sort Key: (((ws.reps)::numeric * ws.weight_kg)) DESC, we.workout_date, we.created_at, we.id, ws.set_order
               Sort Method: top-N heapsort  Memory: 25kB
               Buffers: shared hit=3524
               Worker 0:  Sort Method: top-N heapsort  Memory: 25kB
               ->  Hash Join  (cost=1378.86..4804.69 rows=12054 width=87) (actual time=5.977..23.030 rows=24622 loops=2)
                     Hash Cond: (ws.workout_entry_id = we.id)
                     Buffers: shared hit=3487
                     ->  Parallel Seq Scan on workout_sets ws  (cost=0.00..2859.37 rows=102837 width=43) (actual time=0.005..5.022 rows=87412 loops=2)
                           Buffers: shared hit=1831
                     ->  Hash  (cost=1305.60..1305.60 rows=5861 width=28) (actual time=5.924..5.926 rows=14058 loops=2)
                           Buckets: 16384 (originally 8192)  Batches: 1 (originally 1)  Memory Usage: 1007kB
                           Buffers: shared hit=1609
                           ->  Nested Loop  (cost=534.56..1305.60 rows=5861 width=28) (actual time=1.478..4.233 rows=14058 loops=2)
                                 Buffers: shared hit=1609
                                 ->  Seq Scan on exercises e  (cost=0.00..1.10 rows=1 width=16) (actual time=0.004..0.007 rows=1 loops=2)
                                       Filter: ((normalized_name)::text = 'bench press'::text)
                                       Rows Removed by Filter: 7
                                       Buffers: shared hit=2
                                 ->  Bitmap Heap Scan on workout_entries we  (cost=534.56..1237.52 rows=6698 width=44) (actual time=1.451..3.054 rows=14058 loops=2)
                                       Recheck Cond: (((user_id)::text = 'perf-50k-user'::text) AND (exercise_id = e.id) AND (workout_date >= '2024-01-01'::date) AND (workout_date <= '2026-09-25'::date))
                                       Heap Blocks: exact=569
                                       Buffers: shared hit=1607
                                       ->  Bitmap Index Scan on idx_workout_entries_user_exercise_date  (cost=0.00..532.88 rows=6698 width=0) (actual time=1.404..1.404 rows=14058 loops=2)
                                             Index Cond: (((user_id)::text = 'perf-50k-user'::text) AND (exercise_id = e.id) AND (workout_date >= '2024-01-01'::date) AND (workout_date <= '2026-09-25'::date))
                                             Buffers: shared hit=469
 Planning:
   Buffers: shared hit=18
 Planning Time: 0.283 ms
 Execution Time: 31.498 ms
(36 rows)

=== PR: estimated 1RM ===
                                                                                                   QUERY PLAN                                                                                                   
----------------------------------------------------------------------------------------------------------------------------------------------------------------------------------------------------------------
 Limit  (cost=5925.24..5925.36 rows=1 width=87) (actual time=31.720..34.123 rows=1 loops=1)
   Buffers: shared hit=3524
   ->  Gather Merge  (cost=5925.24..7311.45 rows=12054 width=87) (actual time=31.719..34.121 rows=1 loops=1)
         Workers Planned: 1
         Workers Launched: 1
         Buffers: shared hit=3524
         ->  Sort  (cost=4925.23..4955.37 rows=12054 width=87) (actual time=29.113..29.115 rows=1 loops=2)
               Sort Key: ((ws.weight_kg * ('1'::numeric + ((ws.reps)::numeric / '30'::numeric)))) DESC, we.workout_date, we.created_at, we.id, ws.set_order
               Sort Method: top-N heapsort  Memory: 25kB
               Buffers: shared hit=3524
               Worker 0:  Sort Method: top-N heapsort  Memory: 25kB
               ->  Hash Join  (cost=1378.86..4864.96 rows=12054 width=87) (actual time=5.837..25.031 rows=24622 loops=2)
                     Hash Cond: (ws.workout_entry_id = we.id)
                     Buffers: shared hit=3487
                     ->  Parallel Seq Scan on workout_sets ws  (cost=0.00..2859.37 rows=102837 width=43) (actual time=0.005..4.800 rows=87412 loops=2)
                           Buffers: shared hit=1831
                     ->  Hash  (cost=1305.60..1305.60 rows=5861 width=28) (actual time=5.781..5.782 rows=14058 loops=2)
                           Buckets: 16384 (originally 8192)  Batches: 1 (originally 1)  Memory Usage: 1007kB
                           Buffers: shared hit=1609
                           ->  Nested Loop  (cost=534.56..1305.60 rows=5861 width=28) (actual time=1.402..4.080 rows=14058 loops=2)
                                 Buffers: shared hit=1609
                                 ->  Seq Scan on exercises e  (cost=0.00..1.10 rows=1 width=16) (actual time=0.005..0.007 rows=1 loops=2)
                                       Filter: ((normalized_name)::text = 'bench press'::text)
                                       Rows Removed by Filter: 7
                                       Buffers: shared hit=2
                                 ->  Bitmap Heap Scan on workout_entries we  (cost=534.56..1237.52 rows=6698 width=44) (actual time=1.394..2.921 rows=14058 loops=2)
                                       Recheck Cond: (((user_id)::text = 'perf-50k-user'::text) AND (exercise_id = e.id) AND (workout_date >= '2024-01-01'::date) AND (workout_date <= '2026-09-25'::date))
                                       Heap Blocks: exact=569
                                       Buffers: shared hit=1607
                                       ->  Bitmap Index Scan on idx_workout_entries_user_exercise_date  (cost=0.00..532.88 rows=6698 width=0) (actual time=1.351..1.352 rows=14058 loops=2)
                                             Index Cond: (((user_id)::text = 'perf-50k-user'::text) AND (exercise_id = e.id) AND (workout_date >= '2024-01-01'::date) AND (workout_date <= '2026-09-25'::date))
                                             Buffers: shared hit=469
 Planning:
   Buffers: shared hit=18
 Planning Time: 0.279 ms
 Execution Time: 34.247 ms
(36 rows)

